PS C:\Users\yukii> cd C:\Users\yukii\SAMURAI_GitHub_課題提出
PS C:\Users\yukii\SAMURAI_GitHub_課題提出> mkdir git_challenge


    ディレクトリ: C:\Users\yukii\SAMURAI_GitHub_課題提出


Mode                 LastWriteTime         Length Name
----                 -------------         ------ ----
d-----        2024/11/10     12:19                git_challenge


PS C:\Users\yukii\SAMURAI_GitHub_課題提出> cd git_challenge
PS C:\Users\yukii\SAMURAI_GitHub_課題提出\git_challenge> git init
Initialized empty Git repository in C:/Users/yukii/SAMURAI_GitHub_課題提出/git_challenge/.git/
PS C:\Users\yukii\SAMURAI_GitHub_課題提出\git_challenge> git add hello_world.txt
PS C:\Users\yukii\SAMURAI_GitHub_課題提出\git_challenge> git status
On branch main

No commits yet

Changes to be committed:
  (use "git rm --cached <file>..." to unstage)
        new file:   hello_world.txt
PS C:\Users\yukii\SAMURAI_GitHub_課題提出\git_challenge> git add hello_world.txt
PS C:\Users\yukii\SAMURAI_GitHub_課題提出\git_challenge> git commit -m "hello_world.txtを追加"
[main (root-commit) 08e2c95] hello_world.txtを追加
 1 file changed, 1 insertion(+)
 create mode 100644 hello_world.txt
PS C:\Users\yukii\SAMURAI_GitHub_課題提出\git_challenge> git add hello_world.txt
PS C:\Users\yukii\SAMURAI_GitHub_課題提出\git_challenge> git commit -m "日本語訳を追記"
[main 404aab1] 日本語訳を追記
 1 file changed, 2 insertions(+), 1 deletion(-)
                                                                                       
PS C:\Users\yukii\SAMURAI_GitHub_課題提出\git_challenge> git log --oneline
404aab1 (HEAD -> main) 日本語訳を追記
08e2c95 hello_world.txtを追加
PS C:\Users\yukii\SAMURAI_GitHub_課題提出\git_challenge> cd ..
PS C:\Users\yukii\SAMURAI_GitHub_課題提出> mkdir kadai_005


    ディレクトリ: C:\Users\yukii\SAMURAI_GitHub_課題提出


Mode                 LastWriteTime         Length Name
----                 -------------         ------ ----
d-----        2024/11/10     12:52                kadai_005


PS C:\Users\yukii\SAMURAI_GitHub_課題提出> cd kadai_005
PS C:\Users\yukii\SAMURAI_GitHub_課題提出\kadai_005> 